Parsed test spec with 1 sessions

starting permutation: 
setup failed: 